{
  "name": "wwwroot",
  "content": [
    {
      "name": "/0.bundle.js"
    },
    {
      "name": "/10.bundle.js"
    },
    {
      "name": "/11.bundle.js"
    },
    {
      "name": "/12.bundle.js"
    },
    {
      "name": "/13.bundle.js"
    },
    {
      "name": "/14.bundle.js"
    },
    {
      "name": "/15.bundle.js"
    },
    {
      "name": "/16.bundle.js"
    },
    {
      "name": "/17.bundle.js"
    },
    {
      "name": "/18.bundle.js"
    },
    {
      "name": "/19.bundle.js"
    },
    {
      "name": "/2.bundle.js"
    },
    {
      "name": "/20.bundle.js"
    },
    {
      "name": "/21.bundle.js"
    },
    {
      "name": "/22.bundle.js"
    },
    {
      "name": "/23.bundle.js"
    },
    {
      "name": "/24.bundle.js"
    },
    {
      "name": "/25.bundle.js"
    },
    {
      "name": "/26.bundle.js"
    },
    {
      "name": "/27.bundle.js"
    },
    {
      "name": "/28.bundle.js"
    },
    {
      "name": "/29.bundle.js"
    },
    {
      "name": "/3.bundle.js"
    },
    {
      "name": "/30.bundle.js"
    },
    {
      "name": "/31.bundle.js"
    },
    {
      "name": "/32.bundle.js"
    },
    {
      "name": "/33.bundle.js"
    },
    {
      "name": "/34.bundle.js"
    },
    {
      "name": "/35.bundle.js"
    },
    {
      "name": "/36.bundle.js"
    },
    {
      "name": "/37.bundle.js"
    },
    {
      "name": "/38.bundle.js"
    },
    {
      "name": "/39.bundle.js"
    },
    {
      "name": "/4.bundle.js"
    },
    {
      "name": "/40.bundle.js"
    },
    {
      "name": "/41.bundle.js"
    },
    {
      "name": "/42.bundle.js"
    },
    {
      "name": "/43.bundle.js"
    },
    {
      "name": "/44.bundle.js"
    },
    {
      "name": "/45.bundle.js"
    },
    {
      "name": "/46.bundle.js"
    },
    {
      "name": "/47.bundle.js"
    },
    {
      "name": "/48.bundle.js"
    },
    {
      "name": "/49.bundle.js"
    },
    {
      "name": "/5.bundle.js"
    },
    {
      "name": "/50.bundle.js"
    },
    {
      "name": "/51.bundle.js"
    },
    {
      "name": "/52.bundle.js"
    },
    {
      "name": "/53.bundle.js"
    },
    {
      "name": "/6.bundle.js"
    },
    {
      "name": "/7.bundle.js"
    },
    {
      "name": "/8.bundle.js"
    },
    {
      "name": "/9.bundle.js"
    },
    {
      "name": "/api/trydotnet.min.js"
    },
    {
      "name": "/api/trydotnet.min.js.map"
    },
    {
      "name": "/bundle.css"
    },
    {
      "name": "/bundle.js"
    },
    {
      "name": "/bundle.js.map"
    },
    {
      "name": "/css/trydotnet.css"
    },
    {
      "name": "/editor.worker.js"
    },
    {
      "name": "/favicon.ico"
    },
    {
      "name": "/fonts/materialdesignicons-webfont.eot"
    },
    {
      "name": "/fonts/materialdesignicons-webfont.svg"
    },
    {
      "name": "/fonts/materialdesignicons-webfont.ttf"
    },
    {
      "name": "/fonts/materialdesignicons-webfont.woff"
    },
    {
      "name": "/fonts/materialdesignicons-webfont.woff2"
    },
    {
      "name": "/static/docs.css"
    },
    {
      "name": "/static/vs_windows.png"
    }
  ]
}