{
  "requestId": "TestRun",
  "succeeded": true,
  "output": [
    "Hello world!",
    ""
  ],
  "exception": null,
  "diagnostics": []
}