{
  "signatures": [
    {
      "name": "Write",
      "label": "void Console.Write(bool value)",
      "documentation": {
        "value": "Writes the text representation of the specified Boolean value to the standard output stream.",
        "isTrusted": false
      },
      "parameters": [
        {
          "name": "value",
          "label": "bool value",
          "documentation": {
            "value": "**value**: The value to write.",
            "isTrusted": false
          }
        }
      ]
    },
    {
      "name": "Write",
      "label": "void Console.Write(char value)",
      "documentation": {
        "value": "Writes the specified Unicode character value to the standard output stream.",
        "isTrusted": false
      },
      "parameters": [
        {
          "name": "value",
          "label": "char value",
          "documentation": {
            "value": "**value**: The value to write.",
            "isTrusted": false
          }
        }
      ]
    },
    {
      "name": "Write",
      "label": "void Console.Write(char[] buffer)",
      "documentation": {
        "value": "Writes the specified array of Unicode characters to the standard output stream.",
        "isTrusted": false
      },
      "parameters": [
        {
          "name": "buffer",
          "label": "char[] buffer",
          "documentation": {
            "value": "**buffer**: A Unicode character array.",
            "isTrusted": false
          }
        }
      ]
    },
    {
      "name": "Write",
      "label": "void Console.Write(char[] buffer, int index, int count)",
      "documentation": {
        "value": "Writes the specified subarray of Unicode characters to the standard output stream.",
        "isTrusted": false
      },
      "parameters": [
        {
          "name": "buffer",
          "label": "char[] buffer",
          "documentation": {
            "value": "**buffer**: An array of Unicode characters.",
            "isTrusted": false
          }
        },
        {
          "name": "index",
          "label": "int index",
          "documentation": {
            "value": "**index**: The starting position in buffer .",
            "isTrusted": false
          }
        },
        {
          "name": "count",
          "label": "int count",
          "documentation": {
            "value": "**count**: The number of characters to write.",
            "isTrusted": false
          }
        }
      ]
    },
    {
      "name": "Write",
      "label": "void Console.Write(decimal value)",
      "documentation": {
        "value": "Writes the text representation of the specified System.Decimal  value to the standard output stream.",
        "isTrusted": false
      },
      "parameters": [
        {
          "name": "value",
          "label": "decimal value",
          "documentation": {
            "value": "**value**: The value to write.",
            "isTrusted": false
          }
        }
      ]
    },
    {
      "name": "Write",
      "label": "void Console.Write(double value)",
      "documentation": {
        "value": "Writes the text representation of the specified double-precision floating-point value to the standard output stream.",
        "isTrusted": false
      },
      "parameters": [
        {
          "name": "value",
          "label": "double value",
          "documentation": {
            "value": "**value**: The value to write.",
            "isTrusted": false
          }
        }
      ]
    },
    {
      "name": "Write",
      "label": "void Console.Write(int value)",
      "documentation": {
        "value": "Writes the text representation of the specified 32-bit signed integer value to the standard output stream.",
        "isTrusted": false
      },
      "parameters": [
        {
          "name": "value",
          "label": "int value",
          "documentation": {
            "value": "**value**: The value to write.",
            "isTrusted": false
          }
        }
      ]
    },
    {
      "name": "Write",
      "label": "void Console.Write(long value)",
      "documentation": {
        "value": "Writes the text representation of the specified 64-bit signed integer value to the standard output stream.",
        "isTrusted": false
      },
      "parameters": [
        {
          "name": "value",
          "label": "long value",
          "documentation": {
            "value": "**value**: The value to write.",
            "isTrusted": false
          }
        }
      ]
    },
    {
      "name": "Write",
      "label": "void Console.Write(object value)",
      "documentation": {
        "value": "Writes the text representation of the specified object to the standard output stream.",
        "isTrusted": false
      },
      "parameters": [
        {
          "name": "value",
          "label": "object value",
          "documentation": {
            "value": "**value**: The value to write, or null.",
            "isTrusted": false
          }
        }
      ]
    },
    {
      "name": "Write",
      "label": "void Console.Write(float value)",
      "documentation": {
        "value": "Writes the text representation of the specified single-precision floating-point value to the standard output stream.",
        "isTrusted": false
      },
      "parameters": [
        {
          "name": "value",
          "label": "float value",
          "documentation": {
            "value": "**value**: The value to write.",
            "isTrusted": false
          }
        }
      ]
    },
    {
      "name": "Write",
      "label": "void Console.Write(string value)",
      "documentation": {
        "value": "Writes the specified string value to the standard output stream.",
        "isTrusted": false
      },
      "parameters": [
        {
          "name": "value",
          "label": "string value",
          "documentation": {
            "value": "**value**: The value to write.",
            "isTrusted": false
          }
        }
      ]
    },
    {
      "name": "Write",
      "label": "void Console.Write(string format, object arg0)",
      "documentation": {
        "value": "Writes the text representation of the specified object to the standard output stream using the specified format information.",
        "isTrusted": false
      },
      "parameters": [
        {
          "name": "format",
          "label": "string format",
          "documentation": {
            "value": "**format**: A composite format string.",
            "isTrusted": false
          }
        },
        {
          "name": "arg0",
          "label": "object arg0",
          "documentation": {
            "value": "**arg0**: An object to write using format .",
            "isTrusted": false
          }
        }
      ]
    },
    {
      "name": "Write",
      "label": "void Console.Write(string format, object arg0, object arg1)",
      "documentation": {
        "value": "Writes the text representation of the specified objects to the standard output stream using the specified format information.",
        "isTrusted": false
      },
      "parameters": [
        {
          "name": "format",
          "label": "string format",
          "documentation": {
            "value": "**format**: A composite format string.",
            "isTrusted": false
          }
        },
        {
          "name": "arg0",
          "label": "object arg0",
          "documentation": {
            "value": "**arg0**: The first object to write using format .",
            "isTrusted": false
          }
        },
        {
          "name": "arg1",
          "label": "object arg1",
          "documentation": {
            "value": "**arg1**: The second object to write using format .",
            "isTrusted": false
          }
        }
      ]
    },
    {
      "name": "Write",
      "label": "void Console.Write(string format, object arg0, object arg1, object arg2)",
      "documentation": {
        "value": "Writes the text representation of the specified objects to the standard output stream using the specified format information.",
        "isTrusted": false
      },
      "parameters": [
        {
          "name": "format",
          "label": "string format",
          "documentation": {
            "value": "**format**: A composite format string.",
            "isTrusted": false
          }
        },
        {
          "name": "arg0",
          "label": "object arg0",
          "documentation": {
            "value": "**arg0**: The first object to write using format .",
            "isTrusted": false
          }
        },
        {
          "name": "arg1",
          "label": "object arg1",
          "documentation": {
            "value": "**arg1**: The second object to write using format .",
            "isTrusted": false
          }
        },
        {
          "name": "arg2",
          "label": "object arg2",
          "documentation": {
            "value": "**arg2**: The third object to write using format .",
            "isTrusted": false
          }
        }
      ]
    },
    {
      "name": "Write",
      "label": "void Console.Write(string format, params object[] arg)",
      "documentation": {
        "value": "Writes the text representation of the specified array of objects to the standard output stream using the specified format information.",
        "isTrusted": false
      },
      "parameters": [
        {
          "name": "format",
          "label": "string format",
          "documentation": {
            "value": "**format**: A composite format string.",
            "isTrusted": false
          }
        },
        {
          "name": "arg",
          "label": "params object[] arg",
          "documentation": {
            "value": "**arg**: An array of objects to write using format .",
            "isTrusted": false
          }
        }
      ]
    },
    {
      "name": "Write",
      "label": "void Console.Write(uint value)",
      "documentation": {
        "value": "Writes the text representation of the specified 32-bit unsigned integer value to the standard output stream.",
        "isTrusted": false
      },
      "parameters": [
        {
          "name": "value",
          "label": "uint value",
          "documentation": {
            "value": "**value**: The value to write.",
            "isTrusted": false
          }
        }
      ]
    },
    {
      "name": "Write",
      "label": "void Console.Write(ulong value)",
      "documentation": {
        "value": "Writes the text representation of the specified 64-bit unsigned integer value to the standard output stream.",
        "isTrusted": false
      },
      "parameters": [
        {
          "name": "value",
          "label": "ulong value",
          "documentation": {
            "value": "**value**: The value to write.",
            "isTrusted": false
          }
        }
      ]
    }
  ],
  "activeSignature": 0,
  "activeParameter": 0,
  "requestId": "TestRun",
  "diagnostics": [
    {
      "start": 192,
      "end": 197,
      "message": "ViewportCode.cs(12,21): error CS1501: No overload for method 'Write' takes 0 arguments",
      "severity": 3,
      "id": "CS1501",
      "location": "ViewportCode.cs(12,21): error CS1501"
    },
    {
      "start": 136,
      "end": 142,
      "message": "ViewportCode.cs(9,30): error CS0161: 'Sample.Method()': not all code paths return a value",
      "severity": 3,
      "id": "CS0161",
      "location": "ViewportCode.cs(9,30): error CS0161"
    }
  ]
}