{
  "requestId": "TestRun",
  "succeeded": true,
  "output": [],
  "exception": null,
  "diagnostics": []
}