{
  "requestId": "TestRun",
  "base64assembly": "",
  "succeeded": true,
  "diagnostics": []
}