{
  "items": [
    {
      "displayText": "extern",
      "kind": "Keyword",
      "filterText": "extern",
      "sortText": "extern",
      "insertText": "extern",
      "documentation": ""
    },
    {
      "displayText": "using",
      "kind": "Keyword",
      "filterText": "using",
      "sortText": "using",
      "insertText": "using",
      "documentation": ""
    }
  ]
}