{
  "requestId": "TestRun",
  "succeeded": true,
  "output": [],
  "exception": null,
  "diagnostics": [],
  "instrumentation": [
    {
      "filePosition": {
        "line": 10,
        "character": 12,
        "file": "Program.cs"
      },
      "locals": [],
      "output": {
        "start": 0,
        "end": 0
      }
    },
    {
      "filePosition": {
        "line": 10,
        "character": 23,
        "file": "Program.cs"
      },
      "locals": [
        {
          "name": "a",
          "value": "1",
          "declaredAt": {
            "start": 146,
            "end": 147
          }
        }
      ],
      "output": {
        "start": 0,
        "end": 0
      }
    },
    {
      "filePosition": {
        "line": 10,
        "character": 34,
        "file": "Program.cs"
      },
      "locals": [
        {
          "name": "b",
          "value": "2",
          "declaredAt": {
            "start": 157,
            "end": 158
          }
        },
        {
          "name": "a",
          "value": "1",
          "declaredAt": {
            "start": 146,
            "end": 147
          }
        }
      ],
      "output": {
        "start": 0,
        "end": 0
      }
    },
    {
      "filePosition": {
        "line": 10,
        "character": 41,
        "file": "Program.cs"
      },
      "locals": [
        {
          "name": "b",
          "value": "2",
          "declaredAt": {
            "start": 157,
            "end": 158
          }
        },
        {
          "name": "a",
          "value": "3",
          "declaredAt": {
            "start": 146,
            "end": 147
          }
        }
      ],
      "output": {
        "start": 0,
        "end": 0
      }
    }
  ],
  "variableLocations": [
    {
      "name": "b",
      "locations": [
        {
          "startLine": 10,
          "startColumn": 41,
          "endLine": 10,
          "endColumn": 42
        },
        {
          "startLine": 10,
          "startColumn": 27,
          "endLine": 10,
          "endColumn": 28
        }
      ],
      "declaredAt": {
        "start": 157,
        "end": 158
      }
    },
    {
      "name": "a",
      "locations": [
        {
          "startLine": 10,
          "startColumn": 34,
          "endLine": 10,
          "endColumn": 35
        },
        {
          "startLine": 10,
          "startColumn": 45,
          "endLine": 10,
          "endColumn": 46
        },
        {
          "startLine": 10,
          "startColumn": 16,
          "endLine": 10,
          "endColumn": 17
        }
      ],
      "declaredAt": {
        "start": 146,
        "end": 147
      }
    }
  ]
}