{
  "requestId": "TestRun",
  "base64assembly": null,
  "succeeded": false,
  "diagnostics": [
    {
      "start": 136,
      "end": 142,
      "message": "ViewportCode.cs(9,30): error CS0161: 'Sample.Method()': not all code paths return a value",
      "severity": 3,
      "id": "CS0161",
      "location": "ViewportCode.cs(9,30): error CS0161"
    },
    {
      "start": 184,
      "end": 189,
      "message": "ViewportCode.cs(12,13): error CS0103: The name 'doesn' does not exist in the current context",
      "severity": 3,
      "id": "CS0103",
      "location": "ViewportCode.cs(12,13): error CS0103"
    },
    {
      "start": 189,
      "end": 189,
      "message": "ViewportCode.cs(12,18): error CS1010: Newline in constant",
      "severity": 3,
      "id": "CS1010",
      "location": "ViewportCode.cs(12,18): error CS1010"
    },
    {
      "start": 189,
      "end": 189,
      "message": "ViewportCode.cs(12,18): error CS1012: Too many characters in character literal",
      "severity": 3,
      "id": "CS1012",
      "location": "ViewportCode.cs(12,18): error CS1012"
    },
    {
      "start": 189,
      "end": 199,
      "message": "ViewportCode.cs(12,18): error CS1002: ; expected",
      "severity": 3,
      "id": "CS1002",
      "location": "ViewportCode.cs(12,18): error CS1002"
    },
    {
      "start": 199,
      "end": 199,
      "message": "ViewportCode.cs(12,28): error CS1002: ; expected",
      "severity": 3,
      "id": "CS1002",
      "location": "ViewportCode.cs(12,28): error CS1002"
    }
  ],
  "projectDiagnostics": [
    {
      "start": 136,
      "end": 142,
      "message": "'Sample.Method()': not all code paths return a value",
      "severity": 3,
      "id": "CS0161",
      "location": "ViewportCode.cs(9,30): error CS0161"
    },
    {
      "start": 184,
      "end": 189,
      "message": "The name 'doesn' does not exist in the current context",
      "severity": 3,
      "id": "CS0103",
      "location": "ViewportCode.cs(12,13): error CS0103"
    },
    {
      "start": 189,
      "end": 189,
      "message": "Newline in constant",
      "severity": 3,
      "id": "CS1010",
      "location": "ViewportCode.cs(12,18): error CS1010"
    },
    {
      "start": 189,
      "end": 189,
      "message": "Too many characters in character literal",
      "severity": 3,
      "id": "CS1012",
      "location": "ViewportCode.cs(12,18): error CS1012"
    },
    {
      "start": 189,
      "end": 199,
      "message": "; expected",
      "severity": 3,
      "id": "CS1002",
      "location": "ViewportCode.cs(12,18): error CS1002"
    },
    {
      "start": 199,
      "end": 199,
      "message": "; expected",
      "severity": 3,
      "id": "CS1002",
      "location": "ViewportCode.cs(12,28): error CS1002"
    }
  ]
}